
> my-app@0.1.0 dev
> next dev --turbopack -H 0.0.0.0 -p

error: option '-p, --port <port>' argument missing

> my-app@0.1.0 dev
> next dev --turbopack -H 0.0.0.0 -p

error: option '-p, --port <port>' argument missing

> my-app@0.1.0 dev
> next dev --turbopack -H 0.0.0.0

 ⚠ Warning: Next.js inferred your workspace root, but it may not be correct.
 We detected multiple lockfiles and selected the directory of /home/ubuntu/react/package-lock.json as the root directory.
 To silence this warning, set `turbopack.root` in your Next.js config, or consider removing one of the lockfiles if it's not needed.
   See https://nextjs.org/docs/app/api-reference/config/next-config-js/turbopack#root-directory for more information.
 Detected additional lockfiles: 
   * /home/ubuntu/react/my-app/package-lock.json

 ⚠ Port 3000 is in use by an unknown process, using available port 3003 instead.
   ▲ Next.js 15.5.9 (Turbopack)
   - Local:        http://localhost:3003
   - Network:      http://0.0.0.0:3003
   - Environments: .env.development

 ✓ Starting...
 ✓ Ready in 1072ms
