nohup: 入力を無視します

> my-app@0.1.0 dev
> next dev --turbopack -H 0.0.0.0

 ⚠ Warning: Next.js inferred your workspace root, but it may not be correct.
 We detected multiple lockfiles and selected the directory of /home/ubuntu/react/package-lock.json as the root directory.
 To silence this warning, set `turbopack.root` in your Next.js config, or consider removing one of the lockfiles if it's not needed.
   See https://nextjs.org/docs/app/api-reference/config/next-config-js/turbopack#root-directory for more information.
 Detected additional lockfiles: 
   * /home/ubuntu/react/my-app/package-lock.json

   ▲ Next.js 15.5.7 (Turbopack)
   - Local:        http://localhost:3000
   - Network:      http://0.0.0.0:3000
   - Environments: .env.development

 ✓ Starting...
 ✓ Ready in 1973ms
 ○ Compiling /_not-found/page ...
 ✓ Compiled /_not-found/page in 4.2s
 GET /stat 404 in 4777ms
 ✓ Compiled /favicon.ico in 343ms
 GET /favicon.ico?favicon.0b3bf435.ico 200 in 673ms
 ○ Compiling /bar ...
 ✓ Compiled /bar in 947ms
 GET /bar 200 in 1243ms
 GET /favicon.ico?favicon.0b3bf435.ico 200 in 272ms
 GET /bar 200 in 451ms
 ⚠ Cross origin request detected from 54.65.233.242 to /_next/* resource. In a future major version of Next.js, you will need to explicitly configure "allowedDevOrigins" in next.config to allow this.
Read more: https://nextjs.org/docs/app/api-reference/config/next-config-js/allowedDevOrigins
 GET /_next/webpack-hmr 404 in 133ms
 GET /favicon.ico?favicon.0b3bf435.ico 200 in 277ms
 GET /bar 200 in 441ms
 GET /favicon.ico?favicon.0b3bf435.ico 200 in 269ms
 GET /bar 200 in 436ms
 GET /_next/webpack-hmr 404 in 128ms
 GET /favicon.ico?favicon.0b3bf435.ico 200 in 258ms
 GET /bar 200 in 439ms
 GET /_next/webpack-hmr 404 in 123ms
 GET /favicon.ico?favicon.0b3bf435.ico 200 in 268ms
 GET /bar 200 in 454ms
 GET /favicon.ico?favicon.0b3bf435.ico 200 in 317ms
 GET /bar 200 in 172ms
 GET /favicon.ico?favicon.0b3bf435.ico 200 in 312ms
 GET /bar 200 in 458ms
 GET /favicon.ico?favicon.0b3bf435.ico 200 in 277ms
 GET /_next/webpack-hmr 404 in 175ms
 GET /bar 200 in 447ms
 GET /_next/webpack-hmr 404 in 191ms
 GET /favicon.ico?favicon.0b3bf435.ico 200 in 334ms
 GET /bar 200 in 439ms
 GET /_next/webpack-hmr 404 in 153ms
 GET /favicon.ico?favicon.0b3bf435.ico 200 in 301ms
 GET /bar 200 in 577ms
 GET /_next/webpack-hmr 404 in 182ms
 GET /favicon.ico?favicon.0b3bf435.ico 200 in 317ms
 GET /bar 200 in 448ms
 GET /favicon.ico?favicon.0b3bf435.ico 200 in 264ms
 GET /bar 200 in 461ms
 GET /favicon.ico?favicon.0b3bf435.ico 200 in 333ms
 GET /bar 200 in 457ms
 GET /favicon.ico?favicon.0b3bf435.ico 200 in 263ms
 GET /bar 200 in 465ms
 GET /_next/webpack-hmr 404 in 197ms
 GET /favicon.ico?favicon.0b3bf435.ico 200 in 275ms
 GET /bar 200 in 465ms
 GET /favicon.ico?favicon.0b3bf435.ico 200 in 281ms
 GET /bar 200 in 461ms
 GET /_next/webpack-hmr 404 in 173ms
 GET /favicon.ico?favicon.0b3bf435.ico 200 in 333ms
 GET /bar 200 in 454ms
 GET /favicon.ico?favicon.0b3bf435.ico 200 in 302ms
 GET /bar 200 in 173ms
 GET /_next/webpack-hmr 404 in 249ms
 GET /favicon.ico?favicon.0b3bf435.ico 200 in 399ms
 GET /bar 200 in 134ms
 GET /favicon.ico?favicon.0b3bf435.ico 200 in 289ms
 GET /bar 200 in 171ms
 GET /favicon.ico?favicon.0b3bf435.ico 200 in 374ms
 GET /bar 200 in 481ms
 GET /favicon.ico?favicon.0b3bf435.ico 200 in 328ms
 GET /bar 200 in 173ms
 GET /_next/webpack-hmr 404 in 160ms
 GET /favicon.ico?favicon.0b3bf435.ico 200 in 294ms
 GET /bar 200 in 397ms
 GET /favicon.ico?favicon.0b3bf435.ico 200 in 301ms
 GET /bar 200 in 462ms
 GET /_next/webpack-hmr 404 in 306ms
 GET /favicon.ico?favicon.0b3bf435.ico 200 in 441ms
 GET /bar 200 in 436ms
 GET /_next/webpack-hmr 404 in 248ms
 GET /favicon.ico?favicon.0b3bf435.ico 200 in 396ms
 GET /bar 200 in 390ms
 GET /favicon.ico?favicon.0b3bf435.ico 200 in 341ms
